Rule ExternalA in rule S is undefined
Rule ExternalA in rule S is undefined
Rule ExternalB in rule S is undefined
Rule ExternalB in rule S is undefined
Rule ExternalC in rule S is undefined
Rule ExternalC in rule S is undefined
Rule ExternalB in rule S is undefined
Rule ExternalD in rule S is undefined
Rule ExternalE in rule S is undefined
Rule ExternalD in rule S is undefined
Rule ExternalC in rule S is undefined