Rule A in rule S is undefined
Rule B in rule S is undefined
Rule A in rule S is undefined
Rule D in rule S is undefined
Rule D in rule S is undefined
Rule B in rule S is undefined
Rule E in rule S is undefined
Rule F in rule S is undefined
Rule E in rule S is undefined
Rule D in rule S is undefined
Rule D in rule S is undefined
Rule E in rule S is undefined